POST /v3/tickets.rapidpro.io/messages HTTP/1.1
Host: api.mailgun.net
User-Agent: Go-http-client/1.1
Content-Length: 1159
Authorization: Basic ****************
Content-Type: multipart/form-data; boundary=13e96d5a-4e65-4f07-9189-9d6270c6f3c0
Accept-Encoding: gzip

--13e96d5a-4e65-4f07-9189-9d6270c6f3c0
Content-Disposition: form-data; name="from"

Cathy via ACME <ticket+9688d21d-95aa-4bed-afc7-f31b35731a3d@tickets.rapidpro.io>
--13e96d5a-4e65-4f07-9189-9d6270c6f3c0
Content-Disposition: form-data; name="to"

bob@acme.com
--13e96d5a-4e65-4f07-9189-9d6270c6f3c0
Content-Disposition: form-data; name="subject"

Need help
--13e96d5a-4e65-4f07-9189-9d6270c6f3c0
Content-Disposition: form-data; name="text"

Cathy replied:
------------------------------------------------

It's urgent

------------------------------------------------
* Reply to the contact by replying to this email
* Close this ticket by replying with CLOSE
* View this contact at http://app.rapidpro.io/contact/read/6393abc0-283d-4c9b-a1b3-641a035c34bf/

--13e96d5a-4e65-4f07-9189-9d6270c6f3c0
Content-Disposition: form-data; name="attachment"; filename="untitled"
Content-Type: image/jpg

MYIMAGE
--13e96d5a-4e65-4f07-9189-9d6270c6f3c0
Content-Disposition: form-data; name="h:In-Reply-To"


--13e96d5a-4e65-4f07-9189-9d6270c6f3c0
Content-Disposition: form-data; name="h:References"


--13e96d5a-4e65-4f07-9189-9d6270c6f3c0--
